\BOOKMARK [1][-]{section*.1}{\376\377\000A\000b\000s\000t\000r\000a\000c\000t}{}% 1
\BOOKMARK [1][-]{section.1}{\376\377\0001\000\040\000I\000n\000t\000r\000o\000d\000u\000c\000t\000i\000o\000n}{}% 2
\BOOKMARK [1][-]{section.2}{\376\377\0002\000\040\000S\000u\000r\000v\000e\000y\000\040\000M\000e\000t\000h\000o\000d\000o\000l\000o\000g\000y}{}% 3
\BOOKMARK [1][-]{section.3}{\376\377\0003\000\040\000B\000a\000c\000k\000g\000r\000o\000u\000n\000d}{}% 4
\BOOKMARK [2][-]{subsection.3.1}{\376\377\0003\000.\0001\000\040\000T\000h\000e\000\040\000H\000e\000a\000l\000t\000h\000c\000a\000r\000e\000\040\000I\000m\000p\000e\000r\000a\000t\000i\000v\000e}{section.3}% 5
\BOOKMARK [2][-]{subsection.3.2}{\376\377\0003\000.\0002\000\040\000H\000u\000m\000a\000n\000o\000i\000d\000\040\000F\000o\000r\000m\000\040\000F\000a\000c\000t\000o\000r\000:\000\040\000R\000a\000t\000i\000o\000n\000a\000l\000e\000\040\000f\000o\000r\000\040\000H\000e\000a\000l\000t\000h\000c\000a\000r\000e}{section.3}% 6
\BOOKMARK [2][-]{subsection.3.3}{\376\377\0003\000.\0003\000\040\000T\000h\000e\000\040\000L\000L\000M\000/\000V\000L\000M\000/\000V\000L\000A\000\040\000I\000n\000f\000l\000e\000c\000t\000i\000o\000n\000\040\000P\000o\000i\000n\000t}{section.3}% 7
\BOOKMARK [2][-]{subsection.3.4}{\376\377\0003\000.\0004\000\040\000H\000i\000s\000t\000o\000r\000i\000c\000a\000l\000\040\000E\000v\000o\000l\000u\000t\000i\000o\000n\000\040\000o\000f\000\040\000H\000u\000m\000a\000n\000o\000i\000d\000\040\000R\000o\000b\000o\000t\000i\000c\000s}{section.3}% 8
\BOOKMARK [2][-]{subsection.3.5}{\376\377\0003\000.\0005\000\040\000H\000u\000m\000a\000n\000o\000i\000d\000\040\000R\000o\000b\000o\000t\000s\000\040\000v\000s\000.\000\040\000N\000o\000n\000-\000H\000u\000m\000a\000n\000o\000i\000d\000\040\000A\000l\000t\000e\000r\000n\000a\000t\000i\000v\000e\000s\000\040\000i\000n\000\040\000H\000e\000a\000l\000t\000h\000c\000a\000r\000e}{section.3}% 9
\BOOKMARK [2][-]{subsection.3.6}{\376\377\0003\000.\0006\000\040\000S\000e\000c\000t\000i\000o\000n\000\040\000S\000u\000m\000m\000a\000r\000y}{section.3}% 10
\BOOKMARK [1][-]{section.4}{\376\377\0004\000\040\000C\000u\000r\000r\000e\000n\000t\000\040\000H\000u\000m\000a\000n\000o\000i\000d\000\040\000S\000y\000s\000t\000e\000m\000s}{}% 11
\BOOKMARK [2][-]{subsection.4.1}{\376\377\0004\000.\0001\000\040\000M\000a\000n\000i\000p\000u\000l\000a\000t\000i\000o\000n\000\040\000M\000a\000t\000u\000r\000i\000t\000y}{section.4}% 12
\BOOKMARK [2][-]{subsection.4.2}{\376\377\0004\000.\0002\000\040\000L\000o\000c\000o\000m\000o\000t\000i\000o\000n\000\040\000a\000n\000d\000\040\000C\000l\000i\000n\000i\000c\000a\000l\000\040\000E\000n\000v\000i\000r\000o\000n\000m\000e\000n\000t\000\040\000C\000o\000m\000p\000a\000t\000i\000b\000i\000l\000i\000t\000y}{section.4}% 13
\BOOKMARK [2][-]{subsection.4.3}{\376\377\0004\000.\0003\000\040\000L\000L\000M\000/\000V\000L\000A\000\040\000I\000n\000t\000e\000g\000r\000a\000t\000i\000o\000n\000\040\000a\000n\000d\000\040\000T\000a\000s\000k\000\040\000A\000r\000c\000h\000i\000t\000e\000c\000t\000u\000r\000e}{section.4}% 14
\BOOKMARK [2][-]{subsection.4.4}{\376\377\0004\000.\0004\000\040\000P\000l\000a\000t\000f\000o\000r\000m\000\040\000A\000c\000c\000e\000s\000s\000i\000b\000i\000l\000i\000t\000y\000\040\000f\000o\000r\000\040\000C\000l\000i\000n\000i\000c\000a\000l\000\040\000R\000e\000s\000e\000a\000r\000c\000h}{section.4}% 15
\BOOKMARK [1][-]{section.5}{\376\377\0005\000\040\000M\000e\000d\000i\000c\000a\000l\000\040\000A\000p\000p\000l\000i\000c\000a\000t\000i\000o\000n\000s\000\040\000a\000n\000d\000\040\000R\000e\000s\000e\000a\000r\000c\000h}{}% 16
\BOOKMARK [2][-]{subsection.5.1}{\376\377\0005\000.\0001\000\040\000C\000l\000i\000n\000i\000c\000a\000l\000\040\000P\000r\000o\000c\000e\000d\000u\000r\000e\000s\000\040\000a\000n\000d\000\040\000S\000u\000r\000g\000i\000c\000a\000l\000\040\000A\000s\000s\000i\000s\000t\000a\000n\000c\000e}{section.5}% 17
\BOOKMARK [2][-]{subsection.5.2}{\376\377\0005\000.\0002\000\040\000E\000l\000d\000e\000r\000l\000y\000\040\000a\000n\000d\000\040\000N\000u\000r\000s\000i\000n\000g\000\040\000C\000a\000r\000e}{section.5}% 18
\BOOKMARK [2][-]{subsection.5.3}{\376\377\0005\000.\0003\000\040\000R\000e\000h\000a\000b\000i\000l\000i\000t\000a\000t\000i\000o\000n}{section.5}% 19
\BOOKMARK [2][-]{subsection.5.4}{\376\377\0005\000.\0004\000\040\000M\000e\000n\000t\000a\000l\000\040\000H\000e\000a\000l\000t\000h\000\040\000a\000n\000d\000\040\000S\000o\000c\000i\000a\000l\000\040\000I\000n\000t\000e\000r\000a\000c\000t\000i\000o\000n}{section.5}% 20
\BOOKMARK [2][-]{subsection.5.5}{\376\377\0005\000.\0005\000\040\000H\000o\000s\000p\000i\000t\000a\000l\000\040\000L\000o\000g\000i\000s\000t\000i\000c\000s}{section.5}% 21
\BOOKMARK [2][-]{subsection.5.6}{\376\377\0005\000.\0006\000\040\000C\000r\000o\000s\000s\000-\000D\000o\000m\000a\000i\000n\000\040\000S\000y\000n\000t\000h\000e\000s\000i\000s}{section.5}% 22
\BOOKMARK [2][-]{subsection.5.7}{\376\377\0005\000.\0007\000\040\000S\000e\000c\000t\000i\000o\000n\000\040\000S\000u\000m\000m\000a\000r\000y}{section.5}% 23
\BOOKMARK [1][-]{section.6}{\376\377\0006\000\040\000T\000e\000c\000h\000n\000i\000c\000a\000l\000\040\000a\000n\000d\000\040\000T\000r\000a\000n\000s\000l\000a\000t\000i\000o\000n\000a\000l\000\040\000C\000h\000a\000l\000l\000e\000n\000g\000e\000s}{}% 24
\BOOKMARK [2][-]{subsection.6.1}{\376\377\0006\000.\0001\000\040\000M\000a\000n\000i\000p\000u\000l\000a\000t\000i\000o\000n\000\040\000a\000n\000d\000\040\000D\000e\000x\000t\000e\000r\000i\000t\000y\000\040\000f\000o\000r\000\040\000C\000l\000i\000n\000i\000c\000a\000l\000\040\000T\000o\000o\000l\000s}{section.6}% 25
\BOOKMARK [2][-]{subsection.6.2}{\376\377\0006\000.\0002\000\040\000S\000a\000f\000e\000\040\000P\000h\000y\000s\000i\000c\000a\000l\000\040\000C\000o\000n\000t\000a\000c\000t\000\040\000a\000n\000d\000\040\000B\000i\000p\000e\000d\000a\000l\000\040\000G\000a\000i\000t\000\040\000D\000y\000n\000a\000m\000i\000c\000s}{section.6}% 26
\BOOKMARK [2][-]{subsection.6.3}{\376\377\0006\000.\0003\000\040\000H\000u\000m\000a\000n\000-\000R\000o\000b\000o\000t\000\040\000T\000r\000u\000s\000t\000\040\000a\000n\000d\000\040\000I\000n\000s\000t\000i\000t\000u\000t\000i\000o\000n\000a\000l\000\040\000A\000d\000o\000p\000t\000i\000o\000n}{section.6}% 27
\BOOKMARK [2][-]{subsection.6.4}{\376\377\0006\000.\0004\000\040\000R\000e\000g\000u\000l\000a\000t\000o\000r\000y\000\040\000P\000a\000t\000h\000w\000a\000y}{section.6}% 28
\BOOKMARK [2][-]{subsection.6.5}{\376\377\0006\000.\0005\000\040\000S\000o\000f\000t\000w\000a\000r\000e\000\040\000I\000n\000f\000r\000a\000s\000t\000r\000u\000c\000t\000u\000r\000e\000\040\000a\000n\000d\000\040\000A\000I\000\040\000V\000a\000l\000i\000d\000a\000t\000i\000o\000n}{section.6}% 29
\BOOKMARK [1][-]{section.7}{\376\377\0007\000\040\000D\000i\000s\000c\000u\000s\000s\000i\000o\000n\000\040\000a\000n\000d\000\040\000F\000u\000t\000u\000r\000e\000\040\000O\000u\000t\000l\000o\000o\000k}{}% 30
\BOOKMARK [2][-]{subsection.7.1}{\376\377\0007\000.\0001\000\040\000T\000e\000c\000h\000n\000o\000l\000o\000g\000y\000\040\000R\000e\000a\000d\000i\000n\000e\000s\000s\000\040\000A\000s\000s\000e\000s\000s\000m\000e\000n\000t}{section.7}% 31
\BOOKMARK [2][-]{subsection.7.2}{\376\377\0007\000.\0002\000\040\000N\000e\000a\000r\000-\000T\000e\000r\000m\000\040\000D\000e\000p\000l\000o\000y\000a\000b\000l\000e\000\040\000R\000o\000l\000e\000s}{section.7}% 32
\BOOKMARK [2][-]{subsection.7.3}{\376\377\0007\000.\0003\000\040\000R\000e\000s\000e\000a\000r\000c\000h\000\040\000P\000r\000i\000o\000r\000i\000t\000i\000e\000s}{section.7}% 33
\BOOKMARK [2][-]{subsection.7.4}{\376\377\0007\000.\0004\000\040\000H\000u\000m\000a\000n\000o\000i\000d\000\040\000C\000l\000i\000n\000i\000c\000a\000l\000\040\000D\000e\000p\000l\000o\000y\000m\000e\000n\000t\000\040\000R\000e\000a\000d\000i\000n\000e\000s\000s\000\040\000F\000r\000a\000m\000e\000w\000o\000r\000k}{section.7}% 34
\BOOKMARK [2][-]{subsection.7.5}{\376\377\0007\000.\0005\000\040\000P\000r\000a\000c\000t\000i\000t\000i\000o\000n\000e\000r\000\040\000G\000u\000i\000d\000a\000n\000c\000e}{section.7}% 35
\BOOKMARK [2][-]{subsection.7.6}{\376\377\0007\000.\0006\000\040\000R\000e\000g\000u\000l\000a\000t\000o\000r\000y\000\040\000R\000o\000a\000d\000m\000a\000p}{section.7}% 36
\BOOKMARK [2][-]{subsection.7.7}{\376\377\0007\000.\0007\000\040\000E\000t\000h\000i\000c\000a\000l\000\040\000C\000o\000n\000s\000i\000d\000e\000r\000a\000t\000i\000o\000n\000s}{section.7}% 37
\BOOKMARK [1][-]{section.8}{\376\377\0008\000\040\000C\000o\000n\000c\000l\000u\000s\000i\000o\000n}{}% 38
\BOOKMARK [1][-]{section*.14}{\376\377\000A\000c\000k\000n\000o\000w\000l\000e\000d\000g\000m\000e\000n\000t\000s}{}% 39
\BOOKMARK [1][-]{section*.16}{\376\377\000R\000e\000f\000e\000r\000e\000n\000c\000e\000s}{}% 40
